<?xml version="1.0" encoding="UTF-8"?><mappingRoot xmlns="http://www.ibm.com/2008/ccl/Mapping" domainID="com.ibm.msl.mapping.xml" domainIDExtension="mb" mainMap="true" targetNamespace="MappingNode" version="8.0.5.0" xmlns:map="MappingNode">
    <input path="/Schemas/GuestBook.xsd"/>
    <output path="/Schemas/GuestBook.xsd"/>
    <namespaces>
        <namespace kind="extension" prefix="fn" uri="http://www.w3.org/2005/xpath-functions"/>
    </namespaces>
    <generation engine="xquery"/>
    <mappingDeclaration name="Concat">
        <input path="mb:msg(GuestBook,assembly,XMLNSC)" var="MessageAssembly"/>
        <output path="mb:msg(GuestBook,assembly,XMLNSC)" var="MessageAssembly2"/>
        <foreach>
            <input path="$MessageAssembly/GuestBook/Guest" var="Guest"/>
            <output path="$MessageAssembly2/GuestBook/Guest"/>
            <function ref="fn:concat">
                <input path="$Guest/FName" var="FName"/>
                <input path="$Guest/LName" var="LName"/>
                <output path="FullName"/>
                <param name="string1" value="$FName"/>
                <param name="string2" value="' '"/>
                <param name="string3" value="$LName"/>
            </function>
        </foreach>
    </mappingDeclaration>
</mappingRoot>