<?xml version="1.0" encoding="UTF-8"?><mappingRoot xmlns="http://www.ibm.com/2008/ccl/Mapping" domainID="com.ibm.msl.mapping.xml" domainIDExtension="mb" mainMap="true" targetNamespace="MappingNode" version="8.0.5.0" xmlns:map="MappingNode">
    <input path="/Schemas/Guestbook.xsd"/>
    <output path="/Schemas/Guestbook.xsd"/>
    <generation engine="xquery"/>
    <mappingDeclaration name="Into_Multiple_Messages">
        <input path="mb:msg(Guestbook,assembly,XMLNSC)" var="MessageAssembly"/>
        <output path="mb:msg(Guest,assembly,XMLNSC)" var="MessageAssembly1"/>
        <foreach>
            <input path="$MessageAssembly/Guestbook/Guest"/>
            <output path="$MessageAssembly1/."/>
            <move automap="true">
                <input path="FName"/>
                <output path="Guest/FName"/>
            </move>
            <move automap="true">
                <input path="LName"/>
                <output path="Guest/LName"/>
            </move>
        </foreach>
    </mappingDeclaration>
</mappingRoot>