<?xml version="1.0" encoding="UTF-8"?><mappingRoot xmlns="http://www.ibm.com/2008/ccl/Mapping" domainID="com.ibm.msl.mapping.xml" domainIDExtension="mb" mainMap="true" targetNamespace="MappingNode" version="8.0.5.0" xmlns:map="MappingNode">
    <input path="/Schemas/GuestBook.xsd"/>
    <output path="/Schemas/GuestBook.xsd"/>
    <generation engine="xquery"/>
    <mappingDeclaration name="Into_Multiple_Messages">
        <input path="mb:msg(GuestBook,assembly,XMLNSC,Properties)" var="MessageAssembly"/>
        <output path="mb:msg(GuestBook,assembly,XMLNSC,Properties)" var="MessageAssembly1"/>
        <foreach>
            <input path="$MessageAssembly/GuestBook/Guest"/>
            <output path="$MessageAssembly1/."/>
            <move>
                <input path="FName"/>
                <output path="GuestBook/Guest/FName"/>
            </move>
            <move>
                <input path="LName"/>
                <output path="GuestBook/Guest/LName"/>
            </move>
        </foreach>
    </mappingDeclaration>
</mappingRoot>